
   FAIL  Tests\Feature\RateLimiting\BookingRateLimitTest
  Γ¿» booking rate limit 3 per minute per user                                                   1.07s  
  Γ£ô booking rate limit different users separate                                                0.04s  
  ΓöÇΓöÇΓöÇΓöÇΓöÇΓöÇΓöÇΓöÇΓöÇΓöÇΓöÇΓöÇΓöÇΓöÇΓöÇΓöÇΓöÇΓöÇΓöÇΓöÇΓöÇΓöÇΓöÇΓöÇΓöÇΓöÇΓöÇΓöÇΓöÇΓöÇΓöÇΓöÇΓöÇΓöÇΓöÇΓöÇΓöÇΓöÇΓöÇΓöÇΓöÇΓöÇΓöÇΓöÇΓöÇΓöÇΓöÇΓöÇΓöÇΓöÇΓöÇΓöÇΓöÇΓöÇΓöÇΓöÇΓöÇΓöÇΓöÇΓöÇΓöÇΓöÇΓöÇΓöÇΓöÇΓöÇΓöÇΓöÇΓöÇΓöÇΓöÇΓöÇΓöÇΓöÇΓöÇΓöÇΓöÇΓöÇΓöÇΓöÇΓöÇΓöÇΓöÇΓöÇΓöÇΓöÇΓöÇΓöÇΓöÇΓöÇΓöÇΓöÇΓöÇΓöÇΓöÇΓöÇΓöÇΓöÇ  
   FAILED  Tests\Feature\RateLimiting\BookingRateLimitTest > booking rate limit 3 per minute per uΓÇª   
  Failed asserting that 201 matches expected 429.

  at tests\Feature\RateLimiting\BookingRateLimitTest.php:56
     52Γûò             'guest_email' => 'guest4@example.com',
     53Γûò             'guest_phone' => '+84912345674',
     54Γûò         ]);
     55Γûò 
  Γ₧£  56Γûò         $this->assertEquals(429, $response->status());
     57Γûò     }
     58Γûò 
     59Γûò     #[\PHPUnit\Framework\Attributes\Test]
     60Γûò     public function test_booking_rate_limit_different_users_separate(): void

  1   tests\Feature\RateLimiting\BookingRateLimitTest.php:56


  Tests:    1 failed, 1 passed (5 assertions)
  Duration: 1.28s

